{
  "data": {
    "employeeById": [
      {
        "email": "bhoward@classicmodelcars.com"
      },
      {
        "email": "dmurphy@classicmodelcars.com"
      },
      {
        "email": "ljennings@classicmodelcars.com"
      }
    ]
  }
}