{
  "schema": {
    "queryType": {
      "collection": false,
      "nonNull": false,
      "typeName": "Query"
    }
  },
  "types": {
    "Query": {
      "annotations": {
        "QueryAnnotation": {
          "attributes": {
            "stringValue": "Query",
            "bool": true,
            "intValue": 10.0,
            "floatValue": 1.5
          },
          "name": "QueryAnnotation"
        }
      },
      "fields": [
        {
          "name": "someIntField",
          "type": {
            "collection": false,
            "nonNull": false,
            "typeName": "Int"
          }
        },
        {
          "name": "someStringField",
          "type": {
            "collection": false,
            "nonNull": false,
            "typeName": "String"
          }
        }
      ],
      "name": "Query"
    }
  },
  "interfaces": {
    "Interface": {
      "fields": [
        {
          "name": "first",
          "type": {
            "collection": false,
            "nonNull": false,
            "typeName": "Int"
          }
        },
        {
          "name": "second",
          "type": {
            "collection": false,
            "nonNull": false,
            "typeName": "Float"
          }
        }
      ],
      "name": "Interface"
    }
  },
  "scalars": {
    "Float": {
      "name": "Float"
    },
    "String": {
      "name": "String"
    },
    "Boolean": {
      "name": "Boolean"
    },
    "Int": {
      "name": "Int"
    }
  },
  "inputs": {
    "Input": {
      "annotations": {
        "SecondInputAnnotation": {
          "attributes": {
            "floatValue": 1.5,
            "something": false
          },
          "name": "SecondInputAnnotation"
        },
        "FirstInputAnnotation": {
          "attributes": {
            "stringValue": "InputValue"
          },
          "name": "FirstInputAnnotation"
        }
      },
      "fields": [
        {
          "name": "first",
          "type": {
            "collection": false,
            "nonNull": false,
            "typeName": "Int"
          }
        },
        {
          "name": "second",
          "type": {
            "collection": false,
            "nonNull": false,
            "typeName": "Float"
          }
        }
      ],
      "name": "Input"
    }
  }
}