{
  "data": {
    "personById": [
      {
        "firstName": "Diane",
        "email": "dmurphy@classicmodelcars.com"
      },
      {
        "lastName": "Huxley",
        "phone": " + 61 2 9495 8555"
      }
    ]
  }
}