{
  "data": {
    "employeeById": [
      {
        "firstName": "Diane",
        "lastName": "Murphy",
        "email": "dmurphy@classicmodelcars.com",
        "jobTitle": "President"
      }
    ]
  }
}