{
  "data": {
    "personById": [
      {
        "lastName": "Bow",
        "firstName": "Anthony"
      }
    ]
  }
}