{
  "data": {
    "personById": [
      {
        "firstName": "Anthony",
        "lastName": "Bow"
      }
    ]
  }
}